// Jest Snapshot v1, https://goo.gl/fbAQLP

exports[`Pokemon Options Component debe de hacer match con el snapshot 1`] = `
<div class="options-container">
  <ul>
    <li>pikachu</li>
    <li>charmander</li>
    <li>venusaur</li>
    <li>mew</li>
  </ul>
</div>
`;
